#
# There is insufficient memory for the Java Runtime Environment to continue.
# Native memory allocation (mmap) failed to map 132120576 bytes for G1 virtual space
# Possible reasons:
#   The system is out of physical RAM or swap space
#   The process is running with CompressedOops enabled, and the Java Heap may be blocking the growth of the native heap
# Possible solutions:
#   Reduce memory load on the system
#   Increase physical memory or swap space
#   Check if swap backing store is full
#   Decrease Java heap size (-Xmx/-Xms)
#   Decrease number of Java threads
#   Decrease Java thread stack sizes (-Xss)
#   Set larger code cache with -XX:ReservedCodeCacheSize=
#   JVM is running with Unscaled Compressed Oops mode in which the Java heap is
#     placed in the first 4GB address space. The Java Heap base address is the
#     maximum limit for the native heap growth. Please use -XX:HeapBaseMinAddress
#     to set the Java Heap base and to place the Java Heap above 4GB virtual address.
# This output file may be truncated or incomplete.
#
#  Out of Memory Error (os_windows.cpp:3600), pid=1252, tid=2396
#
# JRE version:  (21.0.2+13) (build )
# Java VM: Java HotSpot(TM) 64-Bit Server VM (21.0.2+13-LTS-58, mixed mode, sharing, tiered, compressed oops, compressed class ptrs, g1 gc, windows-amd64)
# No core dump will be written. Minidumps are not enabled by default on client versions of Windows
#

---------------  S U M M A R Y ------------

Command Line: BuitInInterface

Host: Intel(R) Core(TM) i5-8400 CPU @ 2.80GHz, 6 cores, 7G,  Windows 10 , 64 bit Build 19041 (10.0.19041.5915)
Time: Wed Jul 15 11:52:23 2026 India Standard Time elapsed time: 0.039793 seconds (0d 0h 0m 0s)

---------------  T H R E A D  ---------------

Current thread (0x0000021d968e3840):  JavaThread "Unknown thread" [_thread_in_vm, id=2396, stack(0x0000007cb7000000,0x0000007cb7100000) (1024K)]

Stack: [0x0000007cb7000000,0x0000007cb7100000]
Native frames: (J=compiled Java code, j=interpreted, Vv=VM code, C=native code)
V  [jvm.dll+0x6cade9]
V  [jvm.dll+0x8569c1]
V  [jvm.dll+0x858d2e]
V  [jvm.dll+0x859413]
V  [jvm.dll+0x280e56]
V  [jvm.dll+0x6c74d5]
V  [jvm.dll+0x6bbeca]
V  [jvm.dll+0x355bca]
V  [jvm.dll+0x35d816]
V  [jvm.dll+0x3ae67e]
V  [jvm.dll+0x3ae928]
V  [jvm.dll+0x3295dc]
V  [jvm.dll+0x32a16b]
V  [jvm.dll+0x81efa9]
V  [jvm.dll+0x3bba01]
V  [jvm.dll+0x807928]
V  [jvm.dll+0x44f50e]
V  [jvm.dll+0x450e11]
C  [jli.dll+0x52a3]
C  [ucrtbase.dll+0x21bb2]
C  [KERNEL32.DLL+0x17374]
C  [ntdll.dll+0x4cc91]


---------------  P R O C E S S  ---------------

Threads class SMR info:
_java_thread_list=0x00007ff93826bb88, length=0, elements={
}

Java Threads: ( => current thread )
Total: 0

Other Threads:
  0x0000021d9692e630 WorkerThread "GC Thread#0"                     [id=148, stack(0x0000007cb7100000,0x0000007cb7200000) (1024K)]
  0x0000021d9693f200 ConcurrentGCThread "G1 Main Marker"            [id=2428, stack(0x0000007cb7200000,0x0000007cb7300000) (1024K)]
  0x0000021d96940cb0 WorkerThread "G1 Conc#0"                       [id=5432, stack(0x0000007cb7300000,0x0000007cb7400000) (1024K)]

[error occurred during error reporting (printing all threads), id 0xc0000005, EXCEPTION_ACCESS_VIOLATION (0xc0000005) at pc=0x00007ff9379dc6a7]
VM state: not at safepoint (not fully initialized)

VM Mutex/Monitor currently owned by a thread:  ([mutex/lock_event])
[0x00007ff9382dce68] Heap_lock - owner thread: 0x0000021d968e3840

Heap address: 0x0000000082e00000, size: 2002 MB, Compressed Oops mode: 32-bit

CDS archive(s) mapped at: [0x0000000000000000-0x0000000000000000-0x0000000000000000), size 0, SharedBaseAddress: 0x0000000800000000, ArchiveRelocationMode: 1.
Narrow klass base: 0x0000000000000000, Narrow klass shift: 0, Narrow klass range: 0x0

GC Precious Log:
 CardTable entry size: 512
 Card Set container configuration: InlinePtr #cards 5 size 8 Array Of Cards #cards 12 size 40 Howl #buckets 4 coarsen threshold 1843 Howl Bitmap #cards 512 size 80 coarsen threshold 460 Card regions per heap region 1 cards per card region 2048

Heap:
 garbage-first heap   total 0K, used 0K [0x0000000082e00000, 0x0000000100000000)
  region size 1024K, 0 young (0K), 0 survivors (0K)

[error occurred during error reporting (printing heap information), id 0xc0000005, EXCEPTION_ACCESS_VIOLATION (0xc0000005) at pc=0x00007ff937dc39f9]
GC Heap History (0 events):
No events

Dll operation events (1 events):
Event: 0.007 Loaded shared library C:\Program Files\Java\jdk-21\bin\java.dll

Deoptimization events (0 events):
No events

Classes loaded (0 events):
No events

Classes unloaded (0 events):
No events

Classes redefined (0 events):
No events

Internal exceptions (0 events):
No events

ZGC Phase Switch (0 events):
No events

VM Operations (0 events):
No events

Events (0 events):
No events


Dynamic libraries:
0x00007ff70ed30000 - 0x00007ff70ed40000 	C:\Program Files\Java\jdk-21\bin\java.exe
0x00007ff9c2ff0000 - 0x00007ff9c31e8000 	C:\Windows\SYSTEM32\ntdll.dll
0x00007ff9c11d0000 - 0x00007ff9c1292000 	C:\Windows\System32\KERNEL32.DLL
0x00007ff9c07b0000 - 0x00007ff9c0aa6000 	C:\Windows\System32\KERNELBASE.dll
0x00007ff9c0f10000 - 0x00007ff9c1010000 	C:\Windows\System32\ucrtbase.dll
0x00007ff9adcb0000 - 0x00007ff9adcc9000 	C:\Program Files\Java\jdk-21\bin\jli.dll
0x00007ff9bb4d0000 - 0x00007ff9bb4eb000 	C:\Program Files\Java\jdk-21\bin\VCRUNTIME140.dll
0x00007ff9c25b0000 - 0x00007ff9c2661000 	C:\Windows\System32\ADVAPI32.dll
0x00007ff9c23f0000 - 0x00007ff9c248e000 	C:\Windows\System32\msvcrt.dll
0x00007ff9c1e60000 - 0x00007ff9c1eff000 	C:\Windows\System32\sechost.dll
0x00007ff9c2490000 - 0x00007ff9c25b0000 	C:\Windows\System32\RPCRT4.dll
0x00007ff9c0be0000 - 0x00007ff9c0c07000 	C:\Windows\System32\bcrypt.dll
0x00007ff9c1f00000 - 0x00007ff9c20a1000 	C:\Windows\System32\USER32.dll
0x00007ff9c0680000 - 0x00007ff9c06a2000 	C:\Windows\System32\win32u.dll
0x00007ff9c1720000 - 0x00007ff9c174b000 	C:\Windows\System32\GDI32.dll
0x00007ff9c0c10000 - 0x00007ff9c0d29000 	C:\Windows\System32\gdi32full.dll
0x00007ff9c0b40000 - 0x00007ff9c0bdd000 	C:\Windows\System32\msvcp_win.dll
0x00007ff9ae830000 - 0x00007ff9aeacb000 	C:\Windows\WinSxS\amd64_microsoft.windows.common-controls_6595b64144ccf1df_6.0.19041.6456_none_60b8a6cb71f64256\COMCTL32.dll
0x00007ff9bd110000 - 0x00007ff9bd11a000 	C:\Windows\SYSTEM32\VERSION.dll
0x00007ff9c1bf0000 - 0x00007ff9c1c1f000 	C:\Windows\System32\IMM32.DLL
0x00007ff9b9e20000 - 0x00007ff9b9e2c000 	C:\Program Files\Java\jdk-21\bin\vcruntime140_1.dll
0x00007ff99fd70000 - 0x00007ff99fdfe000 	C:\Program Files\Java\jdk-21\bin\msvcp140.dll
0x00007ff9376a0000 - 0x00007ff9383b7000 	C:\Program Files\Java\jdk-21\bin\server\jvm.dll
0x00007ff9c1de0000 - 0x00007ff9c1e4b000 	C:\Windows\System32\WS2_32.dll
0x00007ff9c0430000 - 0x00007ff9c047b000 	C:\Windows\SYSTEM32\POWRPROF.dll
0x00007ff9aeb70000 - 0x00007ff9aeb97000 	C:\Windows\SYSTEM32\WINMM.dll
0x00007ff9c0410000 - 0x00007ff9c0422000 	C:\Windows\SYSTEM32\UMPDC.dll
0x00007ff9be510000 - 0x00007ff9be522000 	C:\Windows\SYSTEM32\kernel.appcore.dll
0x00007ff9b0770000 - 0x00007ff9b077a000 	C:\Program Files\Java\jdk-21\bin\jimage.dll
0x00007ff9aed90000 - 0x00007ff9aef91000 	C:\Windows\SYSTEM32\DBGHELP.DLL
0x00007ff9ae470000 - 0x00007ff9ae4a4000 	C:\Windows\SYSTEM32\dbgcore.DLL
0x00007ff9c0ab0000 - 0x00007ff9c0b32000 	C:\Windows\System32\bcryptPrimitives.dll
0x00007ff9adc90000 - 0x00007ff9adcaf000 	C:\Program Files\Java\jdk-21\bin\java.dll

dbghelp: loaded successfully - version: 4.0.5 - missing functions: none
symbol engine: initialized successfully - sym options: 0x614 - pdb path: .;C:\Program Files\Java\jdk-21\bin;C:\Windows\SYSTEM32;C:\Windows\WinSxS\amd64_microsoft.windows.common-controls_6595b64144ccf1df_6.0.19041.6456_none_60b8a6cb71f64256;C:\Program Files\Java\jdk-21\bin\server

VM Arguments:
java_command: BuitInInterface
java_class_path (initial): .
Launcher Type: SUN_STANDARD

[Global flags]
     intx CICompilerCount                          = 3                                         {product} {ergonomic}
     uint ConcGCThreads                            = 2                                         {product} {ergonomic}
     uint G1ConcRefinementThreads                  = 6                                         {product} {ergonomic}
   size_t G1HeapRegionSize                         = 1048576                                   {product} {ergonomic}
    uintx GCDrainStackTargetSize                   = 64                                        {product} {ergonomic}
   size_t InitialHeapSize                          = 132120576                                 {product} {ergonomic}
   size_t MarkStackSize                            = 4194304                                   {product} {ergonomic}
   size_t MaxHeapSize                              = 2099249152                                {product} {ergonomic}
   size_t MinHeapDeltaBytes                        = 1048576                                   {product} {ergonomic}
   size_t MinHeapSize                              = 8388608                                   {product} {ergonomic}
    uintx NonNMethodCodeHeapSize                   = 5832780                                {pd product} {ergonomic}
    uintx NonProfiledCodeHeapSize                  = 122912730                              {pd product} {ergonomic}
    uintx ProfiledCodeHeapSize                     = 122912730                              {pd product} {ergonomic}
    uintx ReservedCodeCacheSize                    = 251658240                              {pd product} {ergonomic}
     bool SegmentedCodeCache                       = true                                      {product} {ergonomic}
   size_t SoftMaxHeapSize                          = 2099249152                             {manageable} {ergonomic}
     bool UseCompressedOops                        = true                           {product lp64_product} {ergonomic}
     bool UseG1GC                                  = true                                      {product} {ergonomic}
     bool UseLargePagesIndividualAllocation        = false                                  {pd product} {ergonomic}

Logging:
Log output configuration:
 #0: stdout all=warning uptime,level,tags foldmultilines=false
 #1: stderr all=off uptime,level,tags foldmultilines=false

Environment Variables:
JAVA_HOME=C:\Program Files\Java\jdk-21
PATH=C:\Program Files\Java\jdk-21\bin;C:\Program Files\Common Files\Oracle\Java\javapath;C:\Windows\system32;C:\Windows;C:\Windows\System32\Wbem;C:\Windows\System32\WindowsPowerShell\v1.0\;C:\Windows\System32\OpenSSH\;C:\Program Files\Java\jdk-21\bin;C:\Program Files\nodejs\;c:\Users\MRUH\AppData\Local\Programs\cursor\resources\app\bin;c:\Users\MRUH\AppData\Local\Programs\cursor\resources\app\bin;C:\Program Files\Git\cmd;C:\Program Files\Java\jdk-21\bin;C:\Program Files\Java\jdk-21\bin;C:\Users\MRUH\AppData\Local\Microsoft\WindowsApps;C:\Users\MRUH\AppData\Local\Programs\Microsoft VS Code\bin;C:\Users\MRUH\AppData\Roaming\npm;C:\Users\MRUH\AppData\Local\Microsoft\WinGet\Packages\Schniz.fnm_Microsoft.Winget.Source_8wekyb3d8bbwe;C:\Program Files\MongoDB\Server\8.0;C:\Program Files\sf\bin;C:\Users\MRUH\AppData\Local\Programs\cursor\resources\app\bin
USERNAME=MRUH
OS=Windows_NT
PROCESSOR_IDENTIFIER=Intel64 Family 6 Model 158 Stepping 10, GenuineIntel
TMP=C:\Users\MRUH\AppData\Local\Temp
TEMP=C:\Users\MRUH\AppData\Local\Temp




Periodic native trim disabled

---------------  S Y S T E M  ---------------

OS:
 Windows 10 , 64 bit Build 19041 (10.0.19041.5915)
OS uptime: 0 days 2:34 hours

CPU: total 6 (initial active 6) (6 cores per cpu, 1 threads per core) family 6 model 158 stepping 10 microcode 0xb4, cx8, cmov, fxsr, mmx, 3dnowpref, sse, sse2, sse3, ssse3, sse4.1, sse4.2, popcnt, lzcnt, tsc, tscinvbit, avx, avx2, aes, erms, clmul, bmi1, bmi2, adx, fma, vzeroupper, clflush, clflushopt, rdtscp, f16c
Processor Information for all 6 processors :
  Max Mhz: 2800, Current Mhz: 2800, Mhz Limit: 2800

Memory: 4k page, system-wide physical 8004M (1700M free)
TotalPageFile size 9137M (AvailPageFile size 217M)
current process WorkingSet (physical memory assigned to process): 10M, peak: 10M
current process commit charge ("private bytes"): 56M, peak: 182M

vm_info: Java HotSpot(TM) 64-Bit Server VM (21.0.2+13-LTS-58) for windows-amd64 JRE (21.0.2+13-LTS-58), built on 2024-01-05T18:32:24Z by "mach5one" with MS VC++ 17.1 (VS2022)

END.
